// Jest Snapshot v1, https://goo.gl/fbAQLP

exports[`<Button /> should render a heading 1`] = `
<main
  class="styles__Wrapper-mrxr17-0"
>
  <h1>
    Button
  </h1>
</main>
`
