// Jest Snapshot v1, https://goo.gl/fbAQLP

exports[`<Logo /> should render a heading 1`] = `
<main
  class=""
>
  <h1>
    Logo
  </h1>
</main>
`
